[aragonrobotics.weebly.com/index.html]
[aragonrobotics.weebly.com/gdpr/gdprscriptc201.js]
[backblue.gif]
[fade.gif]
[index.html]
[cdn2.editmysite.com/css/sites4f5d.css]
[cdn2.editmysite.com/css/old/fancybox4604.css]
[cdn2.editmysite.com/css/social-icons73ab.css]
[aragonrobotics.weebly.com/files/main_stylecdd4.css]
[aragonrobotics.weebly.com/uploads/5/7/3/6/57360263/background-images/838247662.jpg]
[ajax.googleapis.com/ajax/libs/jquery/1.8.3/jquery.min.js]
[cdn2.editmysite.com/js/lang/en/stlc2d1.js]
[cdn2.editmysite.com/js/site/main4f5d.js]
[aragonrobotics.weebly.com/about-us.html]
[aragonrobotics.weebly.com/ftc-team-4345-leonardo.html]
[aragonrobotics.weebly.com/ftc-team-10148-picasso.html]
[aragonrobotics.weebly.com/business-group.html]
[aragonrobotics.weebly.com/blog.html]
[aragonrobotics.weebly.com/calendar.html]
[aragonrobotics.weebly.com/contact.html]
[aragonrobotics.weebly.com/support-us.html]
[aragonrobotics.weebly.com/members.html]
[aragonrobotics.weebly.com/photos.html]
[aragonrobotics.weebly.com/uploads/5/7/3/6/57360263/img-2011_1_orig.jpg]
[aragonrobotics.weebly.com/uploads/5/7/3/6/57360263/1470323511.png]
[aragonrobotics.weebly.com/uploads/5/7/3/6/57360263/outreach2_1_orig.jpg]
[aragonrobotics.weebly.com/uploads/5/7/3/6/57360263/img-18279183.jpg]
[aragonrobotics.weebly.com/uploads/5/7/3/6/57360263/img-2069_orig.jpg]
[aragonrobotics.weebly.com/uploads/5/7/3/6/57360263/sponsors-v2437d.png]
[cdn2.editmysite.com/images/site/footer/footer-toast-published-image.jpg]
[cdn2.editmysite.com/js/site/footerSignup071c.js]
[aragonrobotics.weebly.com/files/theme/pluginsec8b.js]
[aragonrobotics.weebly.com/files/theme/customec8b.js]
[cdn2.editmysite.com/js/wsnbn/snowday262.js]
[aragonrobotics.weebly.com/index.html]
[cdn2.editmysite.com/images/util/videojs/white-bar.png]
[cdn2.editmysite.com/images/util/videojs/@2x/white-bar.png]
[cdn2.editmysite.com/images/util/videojs/gradient.png]
[cdn2.editmysite.com/images/util/videojs/@2x/gradient.png]
[cdn2.editmysite.com/sprites/util/videojs-sacae758aa2.png]
[cdn2.editmysite.com/sprites/util/videojs/@2x-s2aff7e7d9a.png]
[cdn2.editmysite.com/images/util/videojs/volume-filled.png]
[cdn2.editmysite.com/images/util/videojs/@2x/volume-filled.png]
[cdn2.editmysite.com/images/util/videojs/volume-mute.png]
[cdn2.editmysite.com/images/util/videojs/@2x/volume-mute.png]
[cdn2.editmysite.com/images/util/videojs/blue-bar.png]
[cdn2.editmysite.com/images/util/videojs/@2x/blue-bar.png]
[cdn2.editmysite.com/images/util/videojs/maximize-icon.png]
[cdn2.editmysite.com/images/util/videojs/@2x/maximize-icon.png]
[cdn2.editmysite.com/images/util/videojs/minimize-icon.png]
[cdn2.editmysite.com/images/util/videojs/@2x/minimize-icon.png]
[cdn2.editmysite.com/images/util/videojs/play-icon.png]
[cdn2.editmysite.com/images/util/videojs/@2x/play-icon.png]
[cdn2.editmysite.com/images/util/videojs/sad-face.png]
[cdn2.editmysite.com/images/util/videojs/@2x/sad-face.png]
[cdn2.editmysite.com/images/util/videojs/loading-icon.png]
[cdn2.editmysite.com/images/util/videojs/@2x/loading-icon.png]
[cdn2.editmysite.com/images/common/buttons/small_grey.png]
[cdn2.editmysite.com/images/common/buttons/small_blue.png]
[cdn2.editmysite.com/images/old/button/large_grey.png]
[cdn2.editmysite.com/images/common/buttons/large_blue.png]
[cdn2.editmysite.com/images/common/search-light.png]
[cdn2.editmysite.com/images/common/social_icons.png]
[cdn2.editmysite.com/images/common/blog/blog-comment-button.png]
[cdn2.editmysite.com/images/common/blog/blog-comment-header.png]
[cdn2.editmysite.com/images/common/blog/blog-comment-pointer.png]
[cdn2.editmysite.com/images/common/blog/blog-comment-link.png]
[cdn2.editmysite.com/images/common/blog/blog-comment-header-author.png]
[cdn2.editmysite.com/images/common/blog/blog-comment-pointer-author.png]
[cdn2.editmysite.com/images/common/blog/blog-comment-field-bg.png]
[cdn2.editmysite.com/images/common/blog/dark-blog-comment-header.png]
[cdn2.editmysite.com/images/common/blog/dark-blog-comment-pointer.png]
[cdn2.editmysite.com/images/common/blog/dark-blog-comment-header-author.png]
[cdn2.editmysite.com/images/common/blog/dark-blog-comment-pointer-author.png]
[cdn2.editmysite.com/images/common/blog/dark-blog-comment-link.png]
[cdn2.editmysite.com/images/util/general/blank.gif]
[cdn2.editmysite.com/images/common/lightbox/prevlabel.gif]
[cdn2.editmysite.com/images/common/lightbox/nextlabel.gif]
[cdn2.editmysite.com/sprites/util/inputs/checkmarkBox-s7868418152.png]
[cdn2.editmysite.com/sprites/util/inputs/checkmarkBox/@2x-s211a47d318.png]
[cdn2.editmysite.com/images/util/inputs/search-input-bg.jpg]
[cdn2.editmysite.com/images/common/magnifying-glass.png]
[cdn2.editmysite.com/images/common/checkmarks/checkmark-mini.png]
[cdn2.editmysite.com/images/common/checkmarks/@2x/checkmark-mini.png]
[cdn2.editmysite.com/images/common/search-pagination-bg.png]
[cdn2.editmysite.com/images/util/general/top-triangle-000.png]
[cdn2.editmysite.com/images/util/general/bottom-triangle-000.png]
[cdn2.editmysite.com/images/util/general/top-triangle-000@2x.png]
[cdn2.editmysite.com/images/util/general/bottom-triangle-000@2x.png]
[cdn2.editmysite.com/sprites/common/social-icons-s5ea5500bdb.png]
[cdn2.editmysite.com/sprites/common/social-icons/@2x-s0ae7d70c70.png]
[cdn2.editmysite.com/sprites/site/mini-cart-s86c48effae.png]
[cdn2.editmysite.com/sprites/site/mini-cart/@2x-s576cbc3f90.png]
[cdn2.editmysite.com/images/loading.gif]
[cdn2.editmysite.com/sprites/site/mobile/commerce-sdf6d4e852c.png]
[cdn2.editmysite.com/sprites/site/mobile/commerce/@2x-s82f968c453.png]
[cdn2.editmysite.com/images/site/checkout/paypal.png]
[cdn2.editmysite.com/images/site/checkout/@2x/paypal.png]
[cdn2.editmysite.com/images/site/checkout/credit-cards.png]
[cdn2.editmysite.com/images/site/checkout/@2x/credit-cards.png]
[cdn2.editmysite.com/images/site/checkout/print.png]
[cdn2.editmysite.com/images/site/checkout/print@2x.png]
[cdn2.editmysite.com/images/vendor/select2/select2.png]
[cdn2.editmysite.com/images/vendor/select2/select2-spinner.gif]
[cdn2.editmysite.com/images/vendor/select2/select2x2.png]
[cdn2.editmysite.com/images/util/spinner/spinner-dark.png]
[cdn2.editmysite.com/images/util/spinner/spinner-light.png]
[cdn2.editmysite.com/images/util/loading-white-w24.gif]
[cdn2.editmysite.com/images/common/form_input_bg.gif]
[cdn2.editmysite.com/sprites/site/forms-s3786257308.png]
[cdn2.editmysite.com/sprites/site/forms/@2x-s47607b315a.png]
[cdn2.editmysite.com/images/blank.gif]
[cdn2.editmysite.com/sprites/site/footer-s48158ed9f7.png]
[cdn2.editmysite.com/sprites/site/footer/@2x-s398696b4d5.png]
[cdn2.editmysite.com/images/old/photoswipe/loader.gif]
[cdn2.editmysite.com/images/old/photoswipe/error.gif]
[cdn2.editmysite.com/images/old/photoswipe/icons.png]
[cdn2.editmysite.com/images/old/photoswipe/icons@2x.png]
[cdn2.editmysite.com/css/sites4f5d.css]
[cdn2.editmysite.com/images/old/fancybox/fancybox_sprite.png]
[cdn2.editmysite.com/images/old/fancybox/fancybox_loading.gif]
[cdn2.editmysite.com/images/old/fancybox/blank.gif]
[cdn2.editmysite.com/images/old/fancybox/fancybox_overlay.png]
[cdn2.editmysite.com/css/old/fancybox4604.css]
[cdn2.editmysite.com/css/social-icons73ab.css]
[aragonrobotics.weebly.com/files/theme/images/quotescdd4.png]
[aragonrobotics.weebly.com/files/theme/images/default-bgcdd4.jpg]
[aragonrobotics.weebly.com/files/theme/images/select-dropdowncdd4.png]
[aragonrobotics.weebly.com/files/main_stylecdd4.css]
[cdn2.editmysite.com/js/lang/en/stlc2d1.js]
[cdn2.editmysite.com/js/site/main4f5d.js]
[cdn2.editmysite.com/css/sites5733.css]
[aragonrobotics.weebly.com/uploads/5/7/3/6/57360263/background-images/160608920.jpg]
[cdn2.editmysite.com/js/lang/en/stl1eb0.js]
[cdn2.editmysite.com/js/site/main5733.js]
[aragonrobotics.weebly.com/uploads/5/7/3/6/57360263/img-811748ab.jpg]
[aragonrobotics.weebly.com/uploads/5/7/3/6/57360263/4836887eab.jpg]
[aragonrobotics.weebly.com/uploads/5/7/3/6/57360263/sponsors-v2_1_orig.png]
[aragonrobotics.weebly.com/about-us.html]
[cdn2.editmysite.com/css/sites1262.css]
[aragonrobotics.weebly.com/uploads/5/7/3/6/57360263/background-images/491315676.jpg]
[cdn2.editmysite.com/js/site/main1262.js]
[cdn2.editmysite.com/js/lang/en/stlb0c2.js]
[aragonrobotics.weebly.com/uploads/5/7/3/6/57360263/10671367-795904707113554-9003342018512597540-n_orig.jpg]
[aragonrobotics.weebly.com/uploads/5/7/3/6/57360263/1510623-795904807113544-4884994328970428059-n_orig.jpg]
[aragonrobotics.weebly.com/uploads/5/7/3/6/57360263/img-1937_orig.jpg]
[aragonrobotics.weebly.com/uploads/5/7/3/6/57360263/img-1941_orig.jpg]
[aragonrobotics.weebly.com/uploads/5/7/3/6/57360263/sam-0906_orig.jpg]
[aragonrobotics.weebly.com/uploads/5/7/3/6/57360263/sam-0907_orig.jpg]
[aragonrobotics.weebly.com/uploads/5/7/3/6/57360263/12272713-969255333150436-450883907-n_orig.jpg]
[aragonrobotics.weebly.com/uploads/5/7/3/6/57360263/img-1940_orig.jpg]
[aragonrobotics.weebly.com/uploads/5/7/3/6/57360263/img-1979_1_orig.jpg]
[aragonrobotics.weebly.com/uploads/5/7/3/6/57360263/img-1939_orig.jpg]
[aragonrobotics.weebly.com/uploads/5/7/3/6/57360263/sponsors-v2_3_orig.png]
[aragonrobotics.weebly.com/ftc-team-4345-leonardo.html]
[cdn2.editmysite.com/css/sites2ce2.css]
[aragonrobotics.weebly.com/uploads/5/7/3/6/57360263/background-images/335958766.jpg]
[cdn2.editmysite.com/js/site/main2ce2.js]
[cdn2.editmysite.com/js/lang/en/stl6c86.js]
[aragonrobotics.weebly.com/uploads/5/7/3/6/57360263/img-1839_orig.jpg]
[aragonrobotics.weebly.com/uploads/5/7/3/6/57360263/1470154153.png]
[aragonrobotics.weebly.com/uploads/5/7/3/6/57360263/1470154031.png]
[aragonrobotics.weebly.com/uploads/5/7/3/6/57360263/img-1863_orig.jpg]
[aragonrobotics.weebly.com/uploads/5/7/3/6/57360263/sponsors-v2_4_orig.png]
[aragonrobotics.weebly.com/ftc-team-10148-picasso.html]
[cdn2.editmysite.com/css/sitesa45e.css]
[cdn2.editmysite.com/js/site/maina45e.js]
[cdn2.editmysite.com/js/lang/en/stl211f.js]
[aragonrobotics.weebly.com/uploads/5/7/3/6/57360263/outreach2_orig.jpg]
[aragonrobotics.weebly.com/uploads/5/7/3/6/57360263/img-8117_1_orig.jpg]
[aragonrobotics.weebly.com/uploads/5/7/3/6/57360263/4345leonardo-final-page-001_orig.jpg]
[aragonrobotics.weebly.com/uploads/5/7/3/6/57360263/0001_16c98.jpg]
[aragonrobotics.weebly.com/uploads/5/7/3/6/57360263/sponsors-v2_5_orig.png]
[aragonrobotics.weebly.com/business-group.html]
[aragonrobotics.weebly.com/uploads/5/7/3/6/57360263/background-images/1952789518.jpg]
[aragonrobotics.weebly.com/blog/1st-post.html]
[aragonrobotics.weebly.com/uploads/5/7/3/6/57360263/flag_orig.jpg]
[aragonrobotics.weebly.com/blog/archives/07-2016.html]
[aragonrobotics.weebly.com/blog/category/all.html]
[aragonrobotics.weebly.com/2/feed]
[cdn2.editmysite.com/images/old/bg_feed.gif]
[aragonrobotics.weebly.com/files/theme/plugins.js]
[aragonrobotics.weebly.com/files/theme/custom.js]
[aragonrobotics.weebly.com/blog.html]
[cdn2.editmysite.com/css/sites9582.css]
[aragonrobotics.weebly.com/uploads/5/7/3/6/57360263/background-images/1591121525.jpg]
[cdn2.editmysite.com/js/site/main9582.js]
[cdn2.editmysite.com/js/lang/en/stl8a76.js]
[aragonrobotics.weebly.com/calendar.html]
[cdn2.editmysite.com/css/sites15d7.css]
[aragonrobotics.weebly.com/uploads/5/7/3/6/57360263/background-images/1152240316.jpg]
[cdn2.editmysite.com/js/site/main15d7.js]
[cdn2.editmysite.com/js/lang/en/stl0d97.js]
[aragonrobotics.weebly.com/uploads/5/7/3/6/57360263/sponsors-v2_9_orig.png]
[aragonrobotics.weebly.com/contact.html]
[cdn2.editmysite.com/css/sites295f.css]
[aragonrobotics.weebly.com/uploads/5/7/3/6/57360263/background-images/176013838.jpg]
[cdn2.editmysite.com/js/site/main295f.js]
[cdn2.editmysite.com/js/lang/en/stl1998.js]
[aragonrobotics.weebly.com/uploads/5/7/3/6/57360263/sponsors-v2_8_orig.png]
[aragonrobotics.weebly.com/uploads/5/7/3/6/57360263/168273_orig.png]
[aragonrobotics.weebly.com/uploads/5/7/3/6/57360263/1438197455.png]
[aragonrobotics.weebly.com/uploads/5/7/3/6/57360263/1438198096.png]
[aragonrobotics.weebly.com/uploads/5/7/3/6/57360263/1438197649.png]
[aragonrobotics.weebly.com/uploads/5/7/3/6/57360263/1438197632.png]
[aragonrobotics.weebly.com/uploads/5/7/3/6/57360263/1438198166.png]
[aragonrobotics.weebly.com/uploads/5/7/3/6/57360263/sam-0907_1_orig.jpg]
[aragonrobotics.weebly.com/uploads/5/7/3/6/57360263/img-1939_238af.jpg]
[aragonrobotics.weebly.com/uploads/5/7/3/6/57360263/1438197731.png]
[aragonrobotics.weebly.com/uploads/5/7/3/6/57360263/1510623-795904807113544-4884994328970428059-n_1_orig.jpg]
[aragonrobotics.weebly.com/uploads/5/7/3/6/57360263/sponsors-v2_7_orig.png]
[aragonrobotics.weebly.com/support-us.html]
[aragonrobotics.weebly.com/uploads/5/7/3/6/57360263/background-images/903860656.jpg]
[aragonrobotics.weebly.com/uploads/5/7/3/6/57360263/slack6c98.png]
[aragonrobotics.weebly.com/uploads/5/7/3/6/57360263/github-bb449e0ffbacbcb7f9c703db85b1cf0b6c98.png]
[aragonrobotics.weebly.com/members.html]
[cdn2.editmysite.com/css/sitesc99f.css]
[aragonrobotics.weebly.com/uploads/5/7/3/6/57360263/background-images/337184616.jpg]
[cdn2.editmysite.com/js/site/mainc99f.js]
[cdn2.editmysite.com/js/lang/en/stl1558.js]
[aragonrobotics.weebly.com/uploads/5/7/3/6/57360263/img-1827_1_orig.jpg]
[aragonrobotics.weebly.com/uploads/5/7/3/6/57360263/img-1827_1.jpg]
[aragonrobotics.weebly.com/uploads/5/7/3/6/57360263/outreach_1_orig.jpg]
[aragonrobotics.weebly.com/uploads/5/7/3/6/57360263/outreach_1.jpg]
[aragonrobotics.weebly.com/uploads/5/7/3/6/57360263/img-2011_2_orig.jpg]
[aragonrobotics.weebly.com/uploads/5/7/3/6/57360263/img-2011_2.jpg]
[aragonrobotics.weebly.com/uploads/5/7/3/6/57360263/img-1939_3_orig.jpg]
[aragonrobotics.weebly.com/uploads/5/7/3/6/57360263/img-1939_3.jpg]
[aragonrobotics.weebly.com/uploads/5/7/3/6/57360263/img-2060_2_orig.jpg]
[aragonrobotics.weebly.com/uploads/5/7/3/6/57360263/img-2060_2.jpg]
[aragonrobotics.weebly.com/uploads/5/7/3/6/57360263/img-1937_2_orig.jpg]
[aragonrobotics.weebly.com/uploads/5/7/3/6/57360263/img-1937_2.jpg]
[aragonrobotics.weebly.com/uploads/5/7/3/6/57360263/10671367-795904707113554-9003342018512597540-n_1_orig.jpg]
[aragonrobotics.weebly.com/uploads/5/7/3/6/57360263/10671367-795904707113554-9003342018512597540-n_1.jpg]
[aragonrobotics.weebly.com/uploads/5/7/3/6/57360263/1510623-795904807113544-4884994328970428059-n_2_orig.jpg]
[aragonrobotics.weebly.com/uploads/5/7/3/6/57360263/1510623-795904807113544-4884994328970428059-n_2.jpg]
[aragonrobotics.weebly.com/uploads/5/7/3/6/57360263/outreach2_3_orig.jpg]
[aragonrobotics.weebly.com/uploads/5/7/3/6/57360263/outreach2_3.jpg]
[aragonrobotics.weebly.com/uploads/5/7/3/6/57360263/img-1989_orig.jpg]
[aragonrobotics.weebly.com/uploads/5/7/3/6/57360263/img-1989.jpg]
[aragonrobotics.weebly.com/uploads/5/7/3/6/57360263/img-1941_1_orig.jpg]
[aragonrobotics.weebly.com/uploads/5/7/3/6/57360263/img-1941_1.jpg]
[aragonrobotics.weebly.com/uploads/5/7/3/6/57360263/img-1950_orig.jpg]
[aragonrobotics.weebly.com/uploads/5/7/3/6/57360263/img-1950.jpg]
[aragonrobotics.weebly.com/photos.html]
[aragonrobotics.weebly.com/_/uploads/5/7/3/6/57360263/background-images/838247662.html]
[cdn2.editmysite.com/js/site/footerSignup071c.js]
[cdn2.editmysite.com/js/wsnbn/snowday262.js]
[aragonrobotics.weebly.com/r.html]
[aragonrobotics.weebly.com/mustache.html]
[aragonrobotics.weebly.com/GET.html]
[aragonrobotics.weebly.com/formSubmit.html]
[aragonrobotics.weebly.com/formSubmitAjax.html]
[aragonrobotics.weebly.com/weebly/libraries/videojs/video-js.html]
[aragonrobotics.weebly.com/AppleWebKit/index.html]
[aragonrobotics.weebly.com/Mobile/index.html]
[cdn2.editmysite.com/css/sites5733.css]
[cdn2.editmysite.com/js/site/main5733.js]
[cdn2.editmysite.com/js/lang/en/stl1eb0.js]
[aragonrobotics.weebly.com/_/uploads/5/7/3/6/57360263/background-images/160608920.html]
[cdn2.editmysite.com/css/sites1262.css]
[cdn2.editmysite.com/js/site/main1262.js]
[cdn2.editmysite.com/js/lang/en/stlb0c2.js]
[cdn2.editmysite.com/css/sites2ce2.css]
[cdn2.editmysite.com/js/site/main2ce2.js]
[cdn2.editmysite.com/js/lang/en/stl6c86.js]
[aragonrobotics.weebly.com/_/uploads/5/7/3/6/57360263/background-images/335958766.html]
[cdn2.editmysite.com/css/sitesa45e.css]
[cdn2.editmysite.com/js/site/maina45e.js]
[cdn2.editmysite.com/js/lang/en/stl211f.js]
[aragonrobotics.weebly.com/_/uploads/5/7/3/6/57360263/background-images/1952789518.html]
[aragonrobotics.weebly.com/blog/1st-post.html]
[cdn2.editmysite.com/css/sites8405.css]
[cdn2.editmysite.com/js/site/main8405.js]
[cdn2.editmysite.com/js/lang/en/stl047b.js]
[www.google.com/recaptcha/api.js]
[aragonrobotics.weebly.com/blog/archives/07-2016.html]
[aragonrobotics.weebly.com/blog/category/all.html]
[cdn2.editmysite.com/css/sites9582.css]
[cdn2.editmysite.com/js/site/main9582.js]
[cdn2.editmysite.com/js/lang/en/stl8a76.js]
[aragonrobotics.weebly.com/_/uploads/5/7/3/6/57360263/background-images/1591121525.html]
[cdn2.editmysite.com/css/sites15d7.css]
[cdn2.editmysite.com/js/site/main15d7.js]
[cdn2.editmysite.com/js/lang/en/stl0d97.js]
[aragonrobotics.weebly.com/_/uploads/5/7/3/6/57360263/background-images/1152240316.html]
[cdn2.editmysite.com/css/sites295f.css]
[cdn2.editmysite.com/js/site/main295f.js]
[cdn2.editmysite.com/js/lang/en/stl1998.js]
[aragonrobotics.weebly.com/_/uploads/5/7/3/6/57360263/background-images/176013838.html]
[aragonrobotics.weebly.com/_/uploads/5/7/3/6/57360263/background-images/903860656.html]
[cdn2.editmysite.com/css/sitesc99f.css]
[cdn2.editmysite.com/js/site/mainc99f.js]
[cdn2.editmysite.com/js/lang/en/stl1558.js]
[aragonrobotics.weebly.com/_/uploads/5/7/3/6/57360263/background-images/337184616.html]
[aragonrobotics.weebly.com/ABCDEFGHIJKLMNOPQRSTUVWXYZabcdefghijklmnopqrstuvwxyz0123456789+/index.html]
[aragonrobotics.weebly.com/payload.html]
[aragonrobotics.weebly.com/POST.html]
[aragonrobotics.weebly.com/blog/_/uploads/5/7/3/6/57360263/background-images/1952789518.html]
[cdn2.editmysite.com/css/sites8405.css]
[aragonrobotics.weebly.com/uploads/5/7/3/6/57360263/background-images/160608920.jpg]
[aragonrobotics.weebly.com/uploads/5/7/3/6/57360263/img-1979_1_orig.jpg]
[aragonrobotics.weebly.com/uploads/5/7/3/6/57360263/1470154031.png]
[cdn2.editmysite.com/js/site/main8405.js]
[cdn2.editmysite.com/js/lang/en/stl047b.js]
[aragonrobotics.weebly.com/blog/archives/_/uploads/5/7/3/6/57360263/background-images/1952789518.html]
[aragonrobotics.weebly.com/blog/category/_/uploads/5/7/3/6/57360263/background-images/1952789518.html]
[aragonrobotics.weebly.com/uploads/5/7/3/6/57360263/background-images/1152240316.jpg]
[aragonrobotics.weebly.com/blog/archives/r.html]
[aragonrobotics.weebly.com/blog/archives/mustache.html]
[aragonrobotics.weebly.com/blog/archives/GET.html]
[aragonrobotics.weebly.com/blog/archives/formSubmit.html]
[aragonrobotics.weebly.com/blog/archives/formSubmitAjax.html]
[aragonrobotics.weebly.com/blog/archives/AppleWebKit/index.html]
[aragonrobotics.weebly.com/blog/archives/Mobile/index.html]
[aragonrobotics.weebly.com/blog/archives/applewebkit.html]
[aragonrobotics.weebly.com/blog/archives/mobile.html]
